# Engineered-feature parquet content hashes
# SHA-256 (first 16 hex chars) | size_bytes | path
# Regenerate with: python -m experiment._eval.parquet_hashes

211ae8d474ddda0f       40142  data/processed/headache/70_15_15/chrono/diary_test.parquet
1e56b2b9a826e45f       83250  data/processed/headache/70_15_15/chrono/diary_train.parquet
2e25257b44a6d4ab       44251  data/processed/headache/70_15_15/chrono/diary_val.parquet
c8116f39f76be6d3       19657  data/processed/headache/70_15_15/chrono/disability_test.parquet
2f8a60b209903bb8       30337  data/processed/headache/70_15_15/chrono/disability_train.parquet
b02d37231b8146e3       20735  data/processed/headache/70_15_15/chrono/disability_val.parquet
96eac01f09e100bc       48289  data/processed/headache/70_15_15/patient/diary_test.parquet
1c9c4ec15aff3f9e       77630  data/processed/headache/70_15_15/patient/diary_train.parquet
b494f91bdb3cfad7       48162  data/processed/headache/70_15_15/patient/diary_val.parquet
69f584c5dd550c5a       21585  data/processed/headache/70_15_15/patient/disability_test.parquet
0145346549c771e8       29112  data/processed/headache/70_15_15/patient/disability_train.parquet
45ee207bf23f3c09       22021  data/processed/headache/70_15_15/patient/disability_val.parquet
ef6831608ab72e2b       51423  data/processed/headache/70_15_15/stratified/diary_test.parquet
9dce4dd855f4ee15       82624  data/processed/headache/70_15_15/stratified/diary_train.parquet
1b851c8989291134       51439  data/processed/headache/70_15_15/stratified/diary_val.parquet
ce60dda8e0602303       22238  data/processed/headache/70_15_15/stratified/disability_test.parquet
eaa19fdfaafe2342       28841  data/processed/headache/70_15_15/stratified/disability_train.parquet
1be094197eb18c64       22450  data/processed/headache/70_15_15/stratified/disability_val.parquet
4265e4b8903df35e       46570  data/processed/headache/70_30/chrono/diary_test.parquet
1e56b2b9a826e45f       83250  data/processed/headache/70_30/chrono/diary_train.parquet
100e9f17bb212bdc       21095  data/processed/headache/70_30/chrono/disability_test.parquet
2f8a60b209903bb8       30337  data/processed/headache/70_30/chrono/disability_train.parquet
8b6ed5dab140329f       56193  data/processed/headache/70_30/patient/diary_test.parquet
1c9c4ec15aff3f9e       77630  data/processed/headache/70_30/patient/diary_train.parquet
b911d3b6c32b384e       23632  data/processed/headache/70_30/patient/disability_test.parquet
0145346549c771e8       29112  data/processed/headache/70_30/patient/disability_train.parquet
70d3712ba5750bf0       61157  data/processed/headache/70_30/stratified/diary_test.parquet
152a4afda39f8ee0       82981  data/processed/headache/70_30/stratified/diary_train.parquet
0a515dc166c63639       24279  data/processed/headache/70_30/stratified/disability_test.parquet
a902f485e7758b60       28916  data/processed/headache/70_30/stratified/disability_train.parquet
160d3e4f799bbbc8       41729  data/processed/headache/80_20/chrono/diary_test.parquet
61ab817bbda8d3b7       87016  data/processed/headache/80_20/chrono/diary_train.parquet
413f24fcd09f0bde       19922  data/processed/headache/80_20/chrono/disability_test.parquet
aca9b7dc83fff95e       31376  data/processed/headache/80_20/chrono/disability_train.parquet
764e101bd3a46b4c       51022  data/processed/headache/80_20/patient/diary_test.parquet
d972ae3bc78e1d68       81747  data/processed/headache/80_20/patient/diary_train.parquet
df07a12363762230       22432  data/processed/headache/80_20/patient/disability_test.parquet
3b49cc44118bef78       30065  data/processed/headache/80_20/patient/disability_train.parquet
d8baa2649af33b06       54804  data/processed/headache/80_20/stratified/diary_test.parquet
f1e099425554499c       86583  data/processed/headache/80_20/stratified/diary_train.parquet
c2f4da41f8be5730       22945  data/processed/headache/80_20/stratified/disability_test.parquet
222ebe2ad395233d       30027  data/processed/headache/80_20/stratified/disability_train.parquet
ee35404565056a81       90036  data/processed/headache/diary.parquet
c9d98fda8df50d01       91038  data/processed/headache/diary_cv5_timeseries.parquet
edb205c7d8bbab86       31917  data/processed/headache/disability.parquet
3774724f31435da5       51036  data/processed/headache/translated.parquet
1518550700a9ccfb       40343  data/processed/migraine/70_15_15/chrono/diary_test.parquet
13d089d97029e5b2       80896  data/processed/migraine/70_15_15/chrono/diary_train.parquet
42486ebd6ec1fbfe       44515  data/processed/migraine/70_15_15/chrono/diary_val.parquet
c8116f39f76be6d3       19657  data/processed/migraine/70_15_15/chrono/disability_test.parquet
2f8a60b209903bb8       30337  data/processed/migraine/70_15_15/chrono/disability_train.parquet
b02d37231b8146e3       20735  data/processed/migraine/70_15_15/chrono/disability_val.parquet
6b7520e0ee657c62       47782  data/processed/migraine/70_15_15/patient/diary_test.parquet
ad3192bf238d4452       75877  data/processed/migraine/70_15_15/patient/diary_train.parquet
4a88ef379159471d       48280  data/processed/migraine/70_15_15/patient/diary_val.parquet
69f584c5dd550c5a       21585  data/processed/migraine/70_15_15/patient/disability_test.parquet
0145346549c771e8       29112  data/processed/migraine/70_15_15/patient/disability_train.parquet
45ee207bf23f3c09       22021  data/processed/migraine/70_15_15/patient/disability_val.parquet
366178e73d8df082       51412  data/processed/migraine/70_15_15/stratified/diary_test.parquet
bddf63ed07b110be       81684  data/processed/migraine/70_15_15/stratified/diary_train.parquet
af524f3d6d22b1ce       51301  data/processed/migraine/70_15_15/stratified/diary_val.parquet
a82de3137df1e79e       22178  data/processed/migraine/70_15_15/stratified/disability_test.parquet
f9f167c2c0f4f64f       28839  data/processed/migraine/70_15_15/stratified/disability_train.parquet
2abae83ee06fa051       22396  data/processed/migraine/70_15_15/stratified/disability_val.parquet
2473d0e486a64eeb       46775  data/processed/migraine/70_30/chrono/diary_test.parquet
13d089d97029e5b2       80896  data/processed/migraine/70_30/chrono/diary_train.parquet
100e9f17bb212bdc       21095  data/processed/migraine/70_30/chrono/disability_test.parquet
2f8a60b209903bb8       30337  data/processed/migraine/70_30/chrono/disability_train.parquet
5fb5a10577b28a29       55439  data/processed/migraine/70_30/patient/diary_test.parquet
ad3192bf238d4452       75877  data/processed/migraine/70_30/patient/diary_train.parquet
b911d3b6c32b384e       23632  data/processed/migraine/70_30/patient/disability_test.parquet
0145346549c771e8       29112  data/processed/migraine/70_30/patient/disability_train.parquet
bbb4adab6826cda6       61251  data/processed/migraine/70_30/stratified/diary_test.parquet
47c0668aba899a61       81703  data/processed/migraine/70_30/stratified/diary_train.parquet
16d1046cda8dc4e6       24246  data/processed/migraine/70_30/stratified/disability_test.parquet
052c8b196887d70c       29064  data/processed/migraine/70_30/stratified/disability_train.parquet
9d125b0459ce6877       42022  data/processed/migraine/80_20/chrono/diary_test.parquet
d3aa48da13208631       84419  data/processed/migraine/80_20/chrono/diary_train.parquet
413f24fcd09f0bde       19922  data/processed/migraine/80_20/chrono/disability_test.parquet
aca9b7dc83fff95e       31376  data/processed/migraine/80_20/chrono/disability_train.parquet
da21eb894a8e6df0       50399  data/processed/migraine/80_20/patient/diary_test.parquet
55127d0e06440400       79745  data/processed/migraine/80_20/patient/diary_train.parquet
df07a12363762230       22432  data/processed/migraine/80_20/patient/disability_test.parquet
3b49cc44118bef78       30065  data/processed/migraine/80_20/patient/disability_train.parquet
9ce2467e708485e2       54864  data/processed/migraine/80_20/stratified/diary_test.parquet
b8e35e6d3692ca03       84640  data/processed/migraine/80_20/stratified/diary_train.parquet
eed78a2c189116c5       22878  data/processed/migraine/80_20/stratified/disability_test.parquet
88c98f3bf96429bd       29974  data/processed/migraine/80_20/stratified/disability_train.parquet
d0042a027c560f3c       87296  data/processed/migraine/diary.parquet
1559148445ba181d       88298  data/processed/migraine/diary_cv5_timeseries.parquet
edb205c7d8bbab86       31917  data/processed/migraine/disability.parquet
3774724f31435da5       51036  data/processed/migraine/translated.parquet
